src/app/dashboard/exams/[examId]/page.tsx(146,52): error TS2304: Cannot find name 't'.
src/app/dashboard/exams/[examId]/page.tsx(153,18): error TS2304: Cannot find name 't'.
src/app/dashboard/exams/[examId]/page.tsx(157,25): error TS2304: Cannot find name 't'.
src/app/dashboard/exams/[examId]/page.tsx(164,52): error TS2304: Cannot find name 't'.
src/app/dashboard/exams/[examId]/page.tsx(166,59): error TS2304: Cannot find name 't'.
src/app/dashboard/exams/[examId]/page.tsx(184,111): error TS2304: Cannot find name 't'.
src/app/dashboard/exams/[examId]/page.tsx(185,111): error TS2304: Cannot find name 't'.
src/app/dashboard/exams/[examId]/page.tsx(186,111): error TS2304: Cannot find name 't'.
src/app/dashboard/exams/[examId]/page.tsx(187,113): error TS2304: Cannot find name 't'.
src/app/dashboard/exams/[examId]/page.tsx(188,112): error TS2304: Cannot find name 't'.
src/app/dashboard/exams/[examId]/page.tsx(211,24): error TS2304: Cannot find name 't'.
src/app/dashboard/exams/[examId]/page.tsx(219,24): error TS2304: Cannot find name 't'.
src/app/dashboard/exams/[examId]/page.tsx(226,85): error TS2304: Cannot find name 't'.
src/app/dashboard/homework/page.tsx(233,26): error TS2304: Cannot find name 't'.
src/app/dashboard/homework/page.tsx(235,64): error TS2304: Cannot find name 't'.
src/app/dashboard/homework/page.tsx(242,72): error TS2304: Cannot find name 't'.
src/app/dashboard/homework/page.tsx(250,95): error TS2304: Cannot find name 't'.
src/app/dashboard/homework/page.tsx(256,43): error TS2304: Cannot find name 't'.
src/app/dashboard/homework/page.tsx(265,48): error TS2304: Cannot find name 't'.
src/app/dashboard/homework/page.tsx(275,75): error TS2304: Cannot find name 't'.
src/app/dashboard/homework/page.tsx(276,59): error TS2304: Cannot find name 't'.
src/app/dashboard/homework/page.tsx(282,30): error TS2304: Cannot find name 't'.
src/app/dashboard/homework/page.tsx(328,56): error TS2304: Cannot find name 't'.
src/app/dashboard/homework/page.tsx(335,56): error TS2304: Cannot find name 't'.
src/app/dashboard/homework/page.tsx(337,50): error TS2304: Cannot find name 't'.
src/app/dashboard/homework/page.tsx(342,56): error TS2304: Cannot find name 't'.
src/app/dashboard/homework/page.tsx(344,50): error TS2304: Cannot find name 't'.
src/app/dashboard/parent/children/[studentId]/attendance/page.tsx(90,18): error TS2304: Cannot find name 't'.
src/app/dashboard/parent/children/[studentId]/attendance/page.tsx(95,83): error TS2304: Cannot find name 't'.
src/app/dashboard/parent/children/[studentId]/attendance/page.tsx(97,22): error TS2304: Cannot find name 't'.
src/app/dashboard/parent/children/[studentId]/attendance/page.tsx(104,48): error TS2304: Cannot find name 't'.
src/app/dashboard/parent/children/[studentId]/attendance/page.tsx(118,49): error TS2304: Cannot find name 't'.
src/app/dashboard/parent/children/[studentId]/attendance/page.tsx(119,49): error TS2304: Cannot find name 't'.
src/app/dashboard/parent/children/[studentId]/attendance/page.tsx(120,49): error TS2304: Cannot find name 't'.
src/app/dashboard/parent/children/[studentId]/attendance/page.tsx(121,49): error TS2304: Cannot find name 't'.
src/app/dashboard/parent/children/[studentId]/attendance/page.tsx(128,59): error TS2304: Cannot find name 't'.
src/app/dashboard/parent/children/[studentId]/attendance/page.tsx(129,83): error TS2304: Cannot find name 't'.
src/app/dashboard/parent/children/[studentId]/attendance/page.tsx(131,34): error TS2304: Cannot find name 't'.
src/app/dashboard/parent/children/[studentId]/attendance/page.tsx(140,40): error TS2304: Cannot find name 't'.
src/app/dashboard/parent/children/[studentId]/attendance/page.tsx(141,63): error TS2304: Cannot find name 't'.
src/app/dashboard/parent/children/[studentId]/homework/page.tsx(135,18): error TS2304: Cannot find name 't'.
src/app/dashboard/parent/children/[studentId]/homework/page.tsx(140,83): error TS2304: Cannot find name 't'.
src/app/dashboard/parent/children/[studentId]/homework/page.tsx(141,60): error TS2304: Cannot find name 't'.
src/app/dashboard/parent/children/[studentId]/homework/page.tsx(147,48): error TS2304: Cannot find name 't'.
src/app/dashboard/parent/children/[studentId]/homework/page.tsx(159,32): error TS2304: Cannot find name 't'.
src/app/dashboard/parent/children/[studentId]/homework/page.tsx(166,32): error TS2304: Cannot find name 't'.
src/components/dashboard/ParentDashboard.tsx(13,5): error TS2614: Module '"@/lib/api"' has no exported member 'communicationApi'. Did you mean to use 'import communicationApi from "@/lib/api"' instead?
src/components/dashboard/ParentDashboard.tsx(47,18): error TS2304: Cannot find name 't'.
src/components/dashboard/ParentDashboard.tsx(54,18): error TS2304: Cannot find name 't'.
src/components/dashboard/ParentDashboard.tsx(121,30): error TS2304: Cannot find name 't'.
src/components/dashboard/ParentDashboard.tsx(127,30): error TS2304: Cannot find name 't'.
src/components/dashboard/ParentDashboard.tsx(131,63): error TS2304: Cannot find name 't'.
src/components/dashboard/ParentDashboard.tsx(151,30): error TS2304: Cannot find name 't'.
src/components/dashboard/ParentDashboard.tsx(157,30): error TS2304: Cannot find name 't'.
src/components/dashboard/ParentDashboard.tsx(161,63): error TS2304: Cannot find name 't'.
src/components/dashboard/ParentDashboard.tsx(171,42): error TS2304: Cannot find name 't'.
src/components/dashboard/ParentDashboard.tsx(184,30): error TS2304: Cannot find name 't'.
src/components/dashboard/ParentDashboard.tsx(191,34): error TS2304: Cannot find name 't'.
src/components/dashboard/ParentDashboard.tsx(197,34): error TS2304: Cannot find name 't'.
src/components/dashboard/TeacherDashboard.tsx(4,22): error TS2614: Module '"@/lib/api"' has no exported member 'communicationApi'. Did you mean to use 'import communicationApi from "@/lib/api"' instead?
